---
source: tests/cli.rs
expression: stdout
---
{
  "version": 1,
  "root": "<repo>/tests/fixtures/dupes_exact_clone",
  "mode": "exact",
  "summary": {
    "projects": 1,
    "filesScanned": 2,
    "groups": 1,
    "duplicatedLines": 46,
    "elapsedMs": 0
  },
  "groups": [
    {
      "tokenCount": 103,
      "lineCount": 23,
      "occurrences": [
        {
          "file": "PaymentService.cs",
          "startLine": 15,
          "startColumn": 5,
          "endLine": 37,
          "endColumn": 2
        },
        {
          "file": "ShippingService.cs",
          "startLine": 15,
          "startColumn": 5,
          "endLine": 37,
          "endColumn": 2
        }
      ]
    }
  ]
}
